        HOL Light 2.20++, built 15 December 2018 on OCaml 4.01.0 with BLCR
        Preloaded with multivariate analysis

val it : unit = ()
#             Setup restart environment.
# #       val it : unit = ()
# - : unit = ()
val FSTCART_COMPONENT : thm =
  |- !x i. 1 <= i /\ i <= dimindex (:M) ==> fstcart x$i = x$i
val SNDCART_COMPONENT : thm =
  |- !x i.
         1 <= i /\ i <= dimindex (:N) ==> sndcart x$i = x$(i + dimindex (:M))
val PASTECART_COMPONENT : thm =
  |- (!u v i. 1 <= i /\ i <= dimindex (:M) ==> pastecart u v$i = u$i) /\
     (!u v i.
          dimindex (:M) + 1 <= i /\ i <= dimindex (:M) + dimindex (:N)
          ==> pastecart u v$i = v$(i - dimindex (:M)))
val MATRIX_ADD_ROW : thm = |- !X Y i. (X + Y)$i = X$i + Y$i
val MATRIX_SUB_ROW : thm = |- !X Y i. (X - Y)$i = X$i - Y$i
val MATRIX_NEG_ROW : thm = |- !X i. --X$i = --(X$i)
val MATRIX_CMUL_ROW : thm = |- !c X i. (c %% X)$i = c % X$i
val MAT_0_ROW : thm = |- mat 0$i = vec 0
val FSTCART_SNDCART_MAT_ZERO : thm =
  |- fstcart (mat 0) = mat 0 /\ sndcart (mat 0) = mat 0
val FSTCART_SNDCART_MATRIX_ADD : thm =
  |- !x y.
         fstcart (x + y) = fstcart x + fstcart y /\
         sndcart (x + y) = sndcart x + sndcart y
val MATRIX_ARITH_TAC : tactic = <fun>
val MATRIX_ARITH : term -> thm = <fun>
- : unit = ()
val matrix_norm : thm = |- !m. norm m = norm (vectorize m)
val VSUM_COMPONENT_FULL : thm = |- !s f i. vsum s f$i = sum s (\x. f x$i)
val NEUTRAL_MATRIX_ADD : thm = |- neutral (+) = mat 0
val MONOIDAL_MATRIX_ADD : thm = |- monoidal (+)
val msum : thm = |- !s f. msum s f = (lambda i j. sum s (\x. f x$i$j))
val MSUM_COMPONENT : thm = |- !s f i j. msum s f$i$j = sum s (\x. f x$i$j)
val MSUM_ROW : thm = |- !s f i. msum s f$i = vsum s (\x. f x$i)
val MSUM_CLAUSES : thm =
  |- (!f. msum {} f = mat 0) /\
     (!x f s.
          FINITE s
          ==> msum (x INSERT s) f =
              (if x IN s then msum s f else f x + msum s f))
val MSUM : thm = |- !f s. FINITE s ==> msum s f = iterate (+) s f
val MSUM_EQ_0 : thm =
  |- !f s. (!x. x IN s ==> f x = mat 0) ==> msum s f = mat 0
val MSUM_0 : thm = |- msum s (\x. mat 0) = mat 0
val MSUM_LMUL : thm = |- !f c s. msum s (\x. c %% f x) = c %% msum s f
val MSUM_RMUL : thm = |- !c s v. msum s (\x. c x %% v) = sum s c %% v
val MSUM_ADD : thm =
  |- !f g s. FINITE s ==> msum s (\x. f x + g x) = msum s f + msum s g
val MSUM_SUB : thm =
  |- !f g s. FINITE s ==> msum s (\x. f x - g x) = msum s f - msum s g
val MSUM_CONST : thm = |- !c s. FINITE s ==> msum s (\n. c) = &(CARD s) %% c
val MSUM_IMAGE : thm =
  |- !f g s.
         FINITE s /\ (!x y. x IN s /\ y IN s /\ f x = f y ==> x = y)
         ==> msum (IMAGE f s) g = msum s (g o f)
val MSUM_UNION : thm =
  |- !f s t.
         FINITE s /\ FINITE t /\ DISJOINT s t
         ==> msum (s UNION t) f = msum s f + msum t f
val MSUM_DIFF : thm =
  |- !f s t.
         FINITE s /\ t SUBSET s ==> msum (s DIFF t) f = msum s f - msum t f
val MSUM_DELETE : thm =
  |- !f s a. FINITE s /\ a IN s ==> msum (s DELETE a) f = msum s f - f a
val MSUM_INCL_EXCL : thm =
  |- !s t f.
         FINITE s /\ FINITE t
         ==> msum s f + msum t f = msum (s UNION t) f + msum (s INTER t) f
val MSUM_NEG : thm = |- !f s. msum s (\x. --f x) = --msum s f
val MSUM_EQ : thm =
  |- !f g s. (!x. x IN s ==> f x = g x) ==> msum s f = msum s g
val MSUM_SUPERSET : thm =
  |- !f u v.
         u SUBSET v /\ (!x. x IN v /\ ~(x IN u) ==> f x = mat 0)
         ==> msum v f = msum u f
0..0..solved at 3
0..0..solved at 2
0..0..solved at 2
val MSUM_SUPPORT : thm =
  |- !f s. msum {x | x IN s /\ ~(f x = mat 0)} f = msum s f
0..0..solved at 2
0..0..2..solved at 5
0..0..solved at 2
val MSUM_UNIV : thm =
  |- !f s. support (+) f (:A) SUBSET s ==> msum s f = msum (:A) f
0..0..1..2..6..11..19..34..49..70..117..164..237..386..553..836..1213..1681..2277..solved at 2731
val MSUM_EQ_SUPERSET : thm =
  |- !f s t.
         FINITE t /\
         t SUBSET s /\
         (!x. x IN t ==> f x = g x) /\
         (!x. x IN s /\ ~(x IN t) ==> f x = mat 0)
         ==> msum s f = msum t g
0..0..solved at 3
0..0..solved at 2
0..0..2..4..solved at 8
val MSUM_UNION_RZERO : thm =
  |- !f u v.
         (!x. x IN v /\ ~(x IN u) ==> f x = mat 0)
         ==> msum (u UNION v) f = msum u f
0..0..solved at 2
0..0..2..4..solved at 8
0..0..solved at 2
val MSUM_UNION_LZERO : thm =
  |- !f u v.
         (!x. x IN u /\ ~(x IN v) ==> f x = mat 0)
         ==> msum (u UNION v) f = msum v f
val MSUM_RESTRICT : thm =
  |- !f s. msum s (\x. if x IN s then f x else mat 0) = msum s f
val MSUM_RESTRICT_SET : thm =
  |- !P s f.
         msum {x | x IN s /\ P x} f = msum s (\x. if P x then f x else mat 0)
val MSUM_CASES : thm =
  |- !s P f g.
         FINITE s
         ==> msum s (\x. if P x then f x else g x) =
             msum {x | x IN s /\ P x} f + msum {x | x IN s /\ ~P x} g
val MSUM_SING : thm = |- !f x. msum {x} f = f x
val VECTORIZE_MSUM : thm =
  |- !s f. vectorize (msum s f) = vsum s (\x. vectorize (f x))
val MSUM_NORM : thm =
  |- !s f. FINITE s ==> norm (msum s f) <= sum s (\x. norm (f x))
val MSUM_NORM_LE : thm =
  |- !s f g.
         FINITE s /\ (!x. x IN s ==> norm (f x) <= g x)
         ==> norm (msum s f) <= sum s g
0..0..1..2..4..solved at 9
val MSUM_NORM_TRIANGLE : thm =
  |- !s f b. FINITE s /\ sum s (\a. norm (f a)) <= b ==> norm (msum s f) <= b
val MSUM_NORM_BOUND : thm =
  |- !s f b.
         FINITE s /\ (!x. x IN s ==> norm (f x) <= b)
         ==> norm (msum s f) <= &(CARD s) * b
val MSUM_CLAUSES_NUMSEG : thm =
  |- (!m. msum (m..0) f = (if m = 0 then f 0 else mat 0)) /\
     (!m n.
          msum (m..SUC n) f =
          (if m <= SUC n then msum (m..n) f + f (SUC n) else msum (m..n) f))
val MSUM_CLAUSES_RIGHT : thm =
  |- !f m n. 0 < n /\ m <= n ==> msum (m..n) f = msum (m..n - 1) f + f n
val MSUM_CMUL_NUMSEG : thm =
  |- !f c m n. msum (m..n) (\x. c %% f x) = c %% msum (m..n) f
val MSUM_EQ_NUMSEG : thm =
  |- !f g m n.
         (!x. m <= x /\ x <= n ==> f x = g x)
         ==> msum (m..n) f = msum (m..n) g
val MSUM_IMAGE_GEN : thm =
  |- !f g s.
         FINITE s
         ==> msum s g = msum (IMAGE f s) (\y. msum {x | x IN s /\ f x = y} g)
val MSUM_GROUP : thm =
  |- !f g s t.
         FINITE s /\ IMAGE f s SUBSET t
         ==> msum t (\y. msum {x | x IN s /\ f x = y} g) = msum s g
val MSUM_GROUP_RELATION : thm =
  |- !R g s t.
         FINITE s /\ (!x. x IN s ==> (?!y. y IN t /\ R x y))
         ==> msum t (\y. msum {x | x IN s /\ R x y} g) = msum s g
val MSUM_VMUL : thm = |- !f v s. sum s f %% v = msum s (\x. f x %% v)
val MSUM_DELTA : thm =
  |- !s a.
         msum s (\x. if x = a then b else mat 0) =
         (if a IN s then b else mat 0)
val MSUM_ADD_NUMSEG : thm =
  |- !f g m n. msum (m..n) (\i. f i + g i) = msum (m..n) f + msum (m..n) g
val MSUM_SUB_NUMSEG : thm =
  |- !f g m n. msum (m..n) (\i. f i - g i) = msum (m..n) f - msum (m..n) g
val MSUM_ADD_SPLIT : thm =
  |- !f m n p.
         m <= n + 1
         ==> msum (m..n + p) f = msum (m..n) f + msum (n + 1..n + p) f
val MSUM_MSUM_PRODUCT : thm =
  |- !s t x.
         FINITE s /\ (!i. i IN s ==> FINITE (t i))
         ==> msum s (\i. msum (t i) (x i)) =
             msum {i,j | i IN s /\ j IN t i} (\(i,j). x i j)
0..0..4..8..18..34..solved at 48
0..0..2..4..solved at 8
0..0..4..8..18..34..solved at 48
0..0..2..4..8..16..35..58..104..165..299..465..829..1296..2124..3187..solved at 3583
val MSUM_IMAGE_NONZERO : thm =
  |- !d i s.
         FINITE s /\
         (!x y.
              x IN s /\ y IN s /\ ~(x = y) /\ i x = i y ==> d (i x) = mat 0)
         ==> msum (IMAGE i s) d = msum s (d o i)
val MSUM_UNION_NONZERO : thm =
  |- !f s t.
         FINITE s /\ FINITE t /\ (!x. x IN s INTER t ==> f x = mat 0)
         ==> msum (s UNION t) f = msum s f + msum t f
0..0..2..4..10..18..30..solved at 46
0..0..2..4..8..16..28..59..103..173..solved at 214
val MSUM_UNIONS_NONZERO : thm =
  |- !f s.
         FINITE s /\
         (!t. t IN s ==> FINITE t) /\
         (!t1 t2 x.
              t1 IN s /\ t2 IN s /\ ~(t1 = t2) /\ x IN t1 /\ x IN t2
              ==> f x = mat 0)
         ==> msum (UNIONS s) f = msum s (\t. msum t f)
val MSUM_CLAUSES_LEFT : thm =
  |- !f m n. m <= n ==> msum (m..n) f = f m + msum (m + 1..n) f
val MSUM_DIFFS : thm =
  |- !m n.
         msum (m..n) (\k. f k - f (k + 1)) =
         (if m <= n then f m - f (n + 1) else mat 0)
val MSUM_DIFFS_ALT : thm =
  |- !m n.
         msum (m..n) (\k. f (k + 1) - f k) =
         (if m <= n then f (n + 1) - f m else mat 0)
0..0..solved at 3
0..0..solved at 2
0..0..solved at 2
0..0..solved at 2
0..0..solved at 2
0..0..solved at 2
0..0..solved at 3
val MSUM_DELETE_CASES : thm =
  |- !x f s.
         FINITE s
         ==> msum (s DELETE x) f =
             (if x IN s then msum s f - f x else msum s f)
0..0..0..1..2..3..solved at 8
0..0..1..2..5..9..15..solved at 28
0..0..1..solved at 4
0..0..1..2..6..12..24..solved at 46
val MSUM_EQ_GENERAL : thm =
  |- !s t f g h.
         (!y. y IN t ==> (?!x. x IN s /\ h x = y)) /\
         (!x. x IN s ==> h x IN t /\ g (h x) = f x)
         ==> msum s f = msum t g
0..0..1..solved at 4
0..0..1..solved at 4
0..0..1..solved at 4
0..0..1..solved at 4
0..0..1..2..6..12..24..solved at 46
val MSUM_EQ_GENERAL_INVERSES : thm =
  |- !s t f g h k.
         (!y. y IN t ==> k y IN s /\ h (k y) = y) /\
         (!x. x IN s ==> h x IN t /\ k (h x) = x /\ g (h x) = f x)
         ==> msum s f = msum t g
val MSUM_OFFSET : thm =
  |- !p f m n. msum (m + p..n + p) f = msum (m..n) (\i. f (i + p))
val MSUM_OFFSET_0 : thm =
  |- !f m n. m <= n ==> msum (m..n) f = msum (0..n - m) (\i. f (i + m))
val MSUM_TRIV_NUMSEG : thm = |- !f m n. n < m ==> msum (m..n) f = mat 0
val MSUM_CONST_NUMSEG : thm =
  |- !c m n. msum (m..n) (\n. c) = &((n + 1) - m) %% c
val MSUM_SUC : thm = |- !f m n. msum (SUC n..SUC m) f = msum (n..m) (f o SUC)
val MSUM_BIJECTION : thm =
  |- !f p s.
         (!x. x IN s ==> p x IN s) /\
         (!y. y IN s ==> (?!x. x IN s /\ p x = y))
         ==> msum s f = msum s (f o p)
val MSUM_PARTIAL_SUC : thm =
  |- !f g m n.
         msum (m..n) (\k. f k %% (g (k + 1) - g k)) =
         (if m <= n
          then f (n + 1) %% g (n + 1) -
               f m %% g m -
               msum (m..n) (\k. (f (k + 1) - f k) %% g (k + 1))
          else mat 0)
val MSUM_PARTIAL_PRE : thm =
  |- !f g m n.
         msum (m..n) (\k. f k %% (g k - g (k - 1))) =
         (if m <= n
          then f (n + 1) %% g n -
               f m %% g (m - 1) -
               msum (m..n) (\k. (f (k + 1) - f k) %% g k)
          else mat 0)
val MSUM_COMBINE_L : thm =
  |- !f m n p.
         0 < n /\ m <= n /\ n <= p + 1
         ==> msum (m..n - 1) f + msum (n..p) f = msum (m..p) f
val MSUM_COMBINE_R : thm =
  |- !f m n p.
         m <= n + 1 /\ n <= p
         ==> msum (m..n) f + msum (n + 1..p) f = msum (m..p) f
val MSUM_INJECTION : thm =
  |- !f p s.
         FINITE s /\
         (!x. x IN s ==> p x IN s) /\
         (!x y. x IN s /\ y IN s /\ p x = p y ==> x = y)
         ==> msum s (f o p) = msum s f
val MSUM_SWAP : thm =
  |- !f s t.
         FINITE s /\ FINITE t
         ==> msum s (\i. msum t (f i)) = msum t (\j. msum s (\i. f i j))
val MSUM_SWAP_NUMSEG : thm =
  |- !a b c d f.
         msum (a..b) (\i. msum (c..d) (f i)) =
         msum (c..d) (\j. msum (a..b) (\i. f i j))
val MSUM_ADD_GEN : thm =
  |- !f g s.
         FINITE {x | x IN s /\ ~(f x = mat 0)} /\
         FINITE {x | x IN s /\ ~(g x = mat 0)}
         ==> msum s (\x. f x + g x) = msum s f + msum s g
0..0..solved at 2
0..0..solved at 2
0..0..solved at 2
val MSUM_CASES_1 : thm =
  |- !s a.
         FINITE s /\ a IN s
         ==> msum s (\x. if x = a then y else f x) = msum s f + y - f a
val MSUM_SING_NUMSEG : thm = |- msum (n..n) f = f n
val MSUM_1 : thm = |- msum (1..1) f = f 1
val MSUM_2 : thm = |- !t. msum (1..2) t = t 1 + t 2
val MSUM_3 : thm = |- !t. msum (1..3) t = t 1 + t 2 + t 3
val MSUM_4 : thm = |- !t. msum (1..4) t = t 1 + t 2 + t 3 + t 4
val MSUM_PAIR : thm =
  |- !f m n.
         msum (2 * m..2 * n + 1) f =
         msum (m..n) (\i. f (2 * i) + f (2 * i + 1))
val MSUM_PAIR_0 : thm =
  |- !f n.
         msum (0..2 * n + 1) f = msum (0..n) (\i. f (2 * i) + f (2 * i + 1))
val MSUM_REFLECT : thm =
  |- !x m n.
         msum (m..n) x =
         (if n < m then mat 0 else msum (0..n - m) (\i. x (n - i)))
- : unit = ()
val BITS_ELIM_CONV : conv = <fun>
val NUM_EQ_BINARY : thm =
  |- (!n. 2 * n = 0 <=> n = 0) /\
     (!n. ~(n + 1 = 0)) /\
     (!n. 0 = 2 * n <=> 0 = n) /\
     (!n. ~(0 = n + 1)) /\
     (!m n. 2 * m = 2 * n <=> m = n) /\
     (!m n. ~(2 * m = 2 * n + 1)) /\
     (!m n. ~(2 * m + 1 = 2 * n)) /\
     (!m n. 2 * m + 1 = 2 * n + 1 <=> m = n)
val NUM_LE_BINARY : thm =
  |- (!n. 0 <= n) /\
     (!n. 2 * n <= 0 <=> n <= 0) /\
     (!n. ~(n + 1 <= 0)) /\
     (!m n. 2 * m <= 2 * n <=> m <= n) /\
     (!m n. 2 * m <= 2 * n + 1 <=> m <= n) /\
     (!m n. 2 * m + 1 <= 2 * n <=> m < n) /\
     (!m n. 2 * m + 1 <= 2 * n + 1 <=> m <= n)
val NUM_LT_BINARY : thm =
  |- (!n. ~(n < 0)) /\
     (!n. 0 < 2 * n <=> 0 < n) /\
     (!n. 0 < n + 1) /\
     (!m n. 2 * m < 2 * n <=> m < n) /\
     (!m n. 2 * m < 2 * n + 1 <=> m <= n) /\
     (!m n. 2 * m + 1 < 2 * n <=> m < n) /\
     (!m n. 2 * m + 1 < 2 * n + 1 <=> m < n)
val NUM_DIV2_BINARY : thm =
  |- 0 DIV 2 = 0 /\ (!i. (2 * i) DIV 2 = i) /\ (!i. (2 * i + 1) DIV 2 = i)
val NUM_MOD2_BINARY : thm =
  |- 0 MOD 2 = 0 /\ (!i. (2 * i) MOD 2 = 0) /\ (!i. (2 * i + 1) MOD 2 = 1)
val NUM_EVEN_BINARY : thm =
  |- EVEN 0 /\ (!n. EVEN (2 * n)) /\ (!n. ~EVEN (2 * n + 1))
val NUM_ODD_BINARY : thm =
  |- ~ODD 0 /\ (!n. ~ODD (2 * n)) /\ (!n. ODD (2 * n + 1))
val FORALL_BINARY_THM : thm =
  |- !P. P 0 /\
         (!n. 1 <= n /\ P n ==> P (2 * n)) /\
         (!n. P n ==> P (2 * n + 1))
         ==> (!n. P n)
0..0..solved at 2
val NUM_CASES_BINARY : thm =
  |- !n. n = 0 \/ (?m. n = 2 * m) \/ (?m. n = 2 * m + 1)
val FORALL_LT_BINARY : thm =
  |- (!i. i < 0 ==> P i) /\
     ((!i. i < 1 ==> P i) <=> P 0) /\
     ((!i. i < 2 * n ==> P i) <=>
      (!i. i < n ==> P (2 * i)) /\ (!i. i < n ==> P (2 * i + 1))) /\
     ((!i. i < 2 * n + 1 ==> P i) <=>
      (!i. i <= n ==> P (2 * i)) /\ (!i. i < n ==> P (2 * i + 1)))
val FORALL_LE_BINARY : thm =
  |- ((!i. i <= 0 ==> P i) <=> P 0) /\
     ((!i. i <= 2 * n ==> P i) <=>
      (!i. i <= n ==> P (2 * i)) /\ (!i. i < n ==> P (2 * i + 1))) /\
     ((!i. i <= 2 * n + 1 ==> P i) <=>
      (!i. i <= n ==> P (2 * i)) /\ (!i. i <= n ==> P (2 * i + 1)))
val NUMSEG_LT_BINARY : thm =
  |- {i | i < 0} = {} /\
     {i | i < 1} = {0} /\
     {i | i < n + 1} = n INSERT {i | i < n} /\
     {i | i < 2 * n} =
     IMAGE (\i. 2 * i) {i | i < n} UNION IMAGE (\i. 2 * i + 1) {i | i < n}
val ITERATE_NUMSEG_LT : thm =
  |- !op. monoidal op
          ==> (!f. iterate op {i | i < 0} f = neutral op) /\
              (!f. iterate op {i | i < 1} f = f 0) /\
              (!n f.
                   iterate op {i | i < n + 1} f =
                   op (f n) (iterate op {i | i < n} f)) /\
              (!n f.
                   iterate op {i | i < 2 * n} f =
                   op (iterate op {i | i < n} (\i. f (2 * i)))
                   (iterate op {i | i < n} (\i. f (2 * i + 1))))
val SUM_NUMSEG_LT : thm =
  |- (!f. sum {i | i < 0} f = &0) /\
     (!f. sum {i | i < 1} f = f 0) /\
     (!n f. sum {i | i < n + 1} f = f n + sum {i | i < n} f) /\
     (!n f.
          sum {i | i < 2 * n} f =
          sum {i | i < n} (\i. f (2 * i)) +
          sum {i | i < n} (\i. f (2 * i + 1)))
val VSUM_NUMSEG_LT : thm =
  |- (!f. vsum {i | i < 0} f = vec 0) /\
     (!f. vsum {i | i < 1} f = f 0) /\
     (!n f. vsum {i | i < n + 1} f = f n + vsum {i | i < n} f) /\
     (!n f.
          vsum {i | i < 2 * n} f =
          vsum {i | i < n} (\i. f (2 * i)) +
          vsum {i | i < n} (\i. f (2 * i + 1)))
- : unit = ()
val DIMINDEX_GT_0 : thm = |- !s. 0 < dimindex s
val VECTOR_1_GEN : thm = |- !v i. v$i = v$1
val MATRIX_MUL_COMPONENT_ALT : thm =
  |- !A B i j.
         1 <= i /\ i <= dimindex (:M) /\ 1 <= j /\ j <= dimindex (:P)
         ==> (A ** B)$i$j = sum (1..dimindex (:N)) (\k. A$i$k * B$k$j)
val VECTOR_MATRIX_MUL_COMPONENT : thm =
  |- !u A i. 1 <= i /\ i <= dimindex (:M) ==> (u ** A)$i = u dot column i A
- : unit = ()
- : unit = ()
val component0 : thm = |- !v i. v $. i = v$(i + 1)
val lambda0 : thm = |- !g. (lambda0) g = (lambda i. g (i - 1))
val LAMBDA0_BETA : thm = |- !i. i < dimindex (:B) ==> (lambda0) g $. i = g i
val FINITE_COMPONENT0_INRANGE : thm =
  |- !i. ?k. k < dimindex (:N) /\ (!x. x $. i = x $. k)
val CART_EQ0 : thm =
  |- !x y. x = y <=> (!i. i < dimindex (:N) ==> x $. i = y $. i)
val CART_EQ0_FULL : thm = |- !x y. x = y <=> (!i. x $. i = y $. i)
val LAMBDA_EQ_LAMBDA0 : thm = |- !f. (lambda) f = (lambda0 i. f (i + 1))
val INDEX_EQ_COMPONENT0 : thm = |- !x i. 1 <= i ==> x$i = x $. (i - 1)
val VECTOR0_1_GEN : thm = |- !v i. v $. i = v $. 0
val VECTOR_ADD_COMPONENT0 : thm = |- !x y i. (x + y) $. i = x $. i + y $. i
val VECTOR_SUB_COMPONENT0 : thm = |- !x y i. (x - y) $. i = x $. i - y $. i
val VECTOR_NEG_COMPONENT0 : thm = |- !x i. --x $. i = --(x $. i)
val VECTOR_MUL_COMPONENT0 : thm = |- !c x i. (c % x) $. i = c * x $. i
val DOT0 : thm =
  |- !x y. x dot y = sum {i | i < dimindex (:N)} (\i. x $. i * y $. i)
val COLUMN_COMPONENT : thm =
  |- !A i j. 1 <= i /\ i <= dimindex (:N) ==> column j A$i = A$i$j
val COLUMN_COMPONENT0 : thm =
  |- !A i j. i < dimindex (:N) ==> column (j + 1) A $. i = A $. i $. j
val MATRIX_ADD_COMPONENT0 : thm =
  |- !A B i j. (A + B) $. i $. j = A $. i $. j + B $. i $. j
val MATRIX_SUB_COMPONENT0 : thm =
  |- !A B i j. (A - B) $. i $. j = A $. i $. j - B $. i $. j
val MATRIX_NEG_COMPONENT0 : thm = |- !A i j. --A $. i $. j = --(A $. i $. j)
val MATRIX_CMUL_COMPONENT0 : thm =
  |- !c A i j. (c %% A) $. i $. j = c * A $. i $. j
val MATRIX_VECTOR_MUL_COMPONENT0 : thm =
  |- !A x k. k < dimindex (:M) ==> (A ** x) $. k = A $. k dot x
val VECTOR_MATRIX_MUL_COMPONENT0 : thm =
  |- !u A i. i < dimindex (:M) ==> (u ** A) $. i = u dot column (i + 1) A
val MATRIX_MUL_COMPONENT0 : thm =
  |- !A B i j.
         i < dimindex (:M) /\ j < dimindex (:P)
         ==> (A ** B) $. i $. j =
             sum {i | i < dimindex (:N)} (\k. A $. i $. k * B $. k $. j)
- : unit = ()
val UNIV_HAS_SIZE_DIMINDEX : thm =
  |- FINITE (:N) ==> (:N) HAS_SIZE dimindex (:N)
val tybit0_INDUCT : thm = |- !P. (!a. P (mktybit0 a)) ==> (!x. P x)
val tybit0_RECUR : thm = |- !f. ?fn. !a. fn (mktybit0 a) = f a
val tybit1_INDUCT : thm = |- !P. (!a. P (mktybit1 a)) ==> (!x. P x)
val tybit1_RECUR : thm = |- !f. ?fn. !a. fn (mktybit1 a) = f a
val HAS_SIZE_TYBIT0 : thm = |- (:(A)tybit0) HAS_SIZE 2 * dimindex (:A)
0..0..1..2..3..7..13..solved at 24
val HAS_SIZE_TYBIT1 : thm = |- (:(A)tybit1) HAS_SIZE 2 * dimindex (:A) + 1
val DIMINDEX_TYBIT0 : thm = |- dimindex (:(A)tybit0) = 2 * dimindex (:A)
val DIMINDEX_TYBIT1 : thm = |- dimindex (:(A)tybit1) = 2 * dimindex (:A) + 1
val DIMINDEX_CLAUSES : thm =
  |- dimindex (:1) = 1 /\
     dimindex (:(A)tybit0) = 2 * dimindex (:A) /\
     dimindex (:(A)tybit1) = 2 * dimindex (:A) + 1
0..0..1..solved at 4
val FINITE_1 : thm = |- FINITE (:1)
0..0..1..solved at 4
val FINITE_TYBIT0 : thm = |- FINITE (:(A)tybit0)
0..0..1..solved at 4
val FINITE_TYBIT1 : thm = |- FINITE (:(A)tybit1)
File "/home/maggesi/Devel/HOL/holy/finvec/fintypes.hl", line 86, characters 6-33:
Warning 8: this pattern-matching is not exhaustive.
Here is an example of a value that is not matched:
[]
File "/home/maggesi/Devel/HOL/holy/finvec/fintypes.hl", line 110, characters 10-20:
Warning 8: this pattern-matching is not exhaustive.
Here is an example of a value that is not matched:
(_, [])
val DIMINDEX_CONV : conv = <fun>
val DIMINDEX_TAC : tactic = <fun>
val mk_finty : num -> hol_type = <fun>
val mk_prefinty : num -> pretype = <fun>
val dest_finty : hol_type -> num = <fun>
val use_finite_types : bool ref = {contents = true}
val parse_pretype : lexcode list -> pretype * lexcode list = <fun>
val pp_print_type : formatter -> hol_type -> unit = <fun>
val pp_print_qtype : formatter -> hol_type -> unit = <fun>
File "/home/maggesi/Devel/HOL/holy/finvec/fintypes.hl", line 238, characters 15-60:
Warning 8: this pattern-matching is not exhaustive.
Here is an example of a value that is not matched:
(Varp (_, _)|Constp (_, _)|Absp (_, _)|Typing (_, _))
File "/home/maggesi/Devel/HOL/holy/finvec/fintypes.hl", line 294, characters 10-65:
Warning 8: this pattern-matching is not exhaustive.
Here is an example of a value that is not matched:
Resword _
val parse_preterm : lexcode list -> preterm * lexcode list = <fun>
val parse_type : string -> hol_type = <fun>
val parse_term : string -> term = <fun>
File "/home/maggesi/Devel/HOL/holy/finvec/fintypes.hl", line 736, characters 4-194:
Warning 8: this pattern-matching is not exhaustive.
Here is an example of a value that is not matched:
[]
File "/home/maggesi/Devel/HOL/holy/finvec/fintypes.hl", line 743, characters 4-313:
Warning 8: this pattern-matching is not exhaustive.
Here is an example of a value that is not matched:
[]
val pp_print_term : formatter -> term -> unit = <fun>
val pp_print_qterm : formatter -> term -> unit = <fun>
val pp_print_thm : formatter -> thm -> unit = <fun>
val print_type : hol_type -> unit = <fun>
val print_qtype : hol_type -> unit = <fun>
val print_term : term -> unit = <fun>
val print_qterm : term -> unit = <fun>
val print_thm : thm -> unit = <fun>
val print_to_string : (formatter -> 'a -> unit) -> 'a -> string = <fun>
val string_of_type : hol_type -> string = <fun>
val string_of_term : term -> string = <fun>
val string_of_thm : thm -> string = <fun>
val print_goal : goal -> unit = <fun>
val print_goalstack : goalstack -> unit = <fun>
val DIMINDEX_2 : thm = |- dimindex (:2) = 2
val DIMINDEX_3 : thm = |- dimindex (:3) = 3
val DIMINDEX_4 : thm = |- dimindex (:4) = 4
val HAS_SIZE_2 : thm = |- (:2) HAS_SIZE 2
val HAS_SIZE_3 : thm = |- (:3) HAS_SIZE 3
val HAS_SIZE_4 : thm = |- (:4) HAS_SIZE 4
val VECTOR_2 : thm = |- vector [x; y]$1 = x /\ vector [x; y]$2 = y
val VECTOR_3 : thm =
  |- vector [x; y; z]$1 = x /\
     vector [x; y; z]$2 = y /\
     vector [x; y; z]$3 = z
val VECTOR_4 : thm =
  |- vector [w; x; y; z]$1 = w /\
     vector [w; x; y; z]$2 = x /\
     vector [w; x; y; z]$3 = y /\
     vector [w; x; y; z]$4 = z
- : unit = ()
val VECX_DEF : thm = |- !a. vecx a = (lambda0 i. a)
val VEC0_DEF : thm =
  |- !x y. vec0 x y = (lambda0 i. (if EVEN i then x else y) $. (i DIV 2))
val VEC1_DEF : thm =
  |- !a x y.
         vec1 x y a =
         (lambda0 i. if i = 2 * dimindex (:N)
                     then a
                     else (if EVEN i then x else y) $. (i DIV 2))
val VECX_COMPONENT0 : thm = |- !a i. vecx a $. i = a
val VEC0_COMPONENT0 : thm =
  |- !x y i.
         i < 2 * dimindex (:N)
         ==> vec0 x y $. i = (if EVEN i then x else y) $. (i DIV 2)
val VEC1_COMPONENT0 : thm =
  |- !x y a i.
         i < 2 * dimindex (:N) + 1
         ==> vec1 x y a $. i =
             (if i = 2 * dimindex (:N)
              then a
              else (if EVEN i then x else y) $. (i DIV 2))
val VEC0_COMPONENT0_BINARY : thm =
  |- (!x y. vec0 x y $. 0 = x $. 0) /\
     (!x y i. i < dimindex (:N) ==> vec0 x y $. (2 * i) = x $. i) /\
     (!x y i. i < dimindex (:N) ==> vec0 x y $. (2 * i + 1) = y $. i)
val VEC1_COMPONENT0_BINARY : thm =
  |- (!x y a. vec1 x y a $. 0 = x $. 0) /\
     (!x y a i.
          i <= dimindex (:N)
          ==> vec1 x y a $. (2 * i) =
              (if i = dimindex (:N) then a else x $. i)) /\
     (!x y a i. i < dimindex (:N) ==> vec1 x y a $. (2 * i + 1) = y $. i)
0..0..1..4..12..28..solved at 46
0..0..1..solved at 4
0..0..1..3..solved at 7
0..0..solved at 2
0..0..2..6..18..solved at 23
0..0..1..solved at 4
val VECTOR_EQ_ARITH : thm =
  |- (!a b. vecx a = vecx b <=> a = b) /\
     (!x x' y y'. vec0 x y = vec0 x' y' <=> x = x' /\ y = y') /\
     (!x x' y y' c1 c2.
          vec1 x y c1 = vec1 x' y' c2 <=> x = x' /\ y = y' /\ c1 = c2)
val VECTOR_ADD_ARITH : thm =
  |- (!x y. vecx x + vecx y = vecx (x + y)) /\
     (!x x' y y'. vec0 x y + vec0 x' y' = vec0 (x + x') (y + y')) /\
     (!x x' y y' a a'.
          vec1 x y a + vec1 x' y' a' = vec1 (x + x') (y + y') (a + a'))
val VECTOR_SUB_ARITH : thm =
  |- (!x y. vecx x - vecx y = vecx (x - y)) /\
     (!x x' y y'. vec0 x y - vec0 x' y' = vec0 (x - x') (y - y')) /\
     (!x x' y y' a a'.
          vec1 x y a - vec1 x' y' a' = vec1 (x - x') (y - y') (a - a'))
val VECTOR_NEG_ARITH : thm =
  |- (!x. --vecx x = vecx (--x)) /\
     (!x y. --vec0 x y = vec0 (--x) (--y)) /\
     (!x y a. --vec1 x y a = vec1 (--x) (--y) (--a))
val VECTOR_CMUL_ARITH : thm =
  |- (!c x. c % vecx x = vecx (c * x)) /\
     (!c x y. c % vec0 x y = vec0 (c % x) (c % y)) /\
     (!c x y a. c % vec1 x y a = vec1 (c % x) (c % y) (c * a))
val DOT_ARITH : thm =
  |- (!a b. vecx a dot vecx b = a * b) /\
     (!x x' y y'. vec0 x y dot vec0 x' y' = x dot x' + y dot y') /\
     (!x x' y y' a b.
          vec1 x y a dot vec1 x' y' b = x dot x' + y dot y' + a * b)
val NORM_POW_2_ARITH : thm =
  |- (!x. norm (vecx x) pow 2 = x pow 2) /\
     (!x y. norm (vec0 x y) pow 2 = norm x pow 2 + norm y pow 2) /\
     (!x y a.
          norm (vec1 x y a) pow 2 = norm x pow 2 + norm y pow 2 + a pow 2)
val COLUMN_ARITH : thm =
  |- (!u j. column j (vecx u) = vecx (u$j)) /\
     (!A B j. column j (vec0 A B) = vec0 (column j A) (column j B)) /\
     (!A B u j. column j (vec1 A B u) = vec1 (column j A) (column j B) (u$j))
val MATRIX_ADD_ARITH : thm =
  |- (!u v. vecx u + vecx v = vecx (u + v)) /\
     (!A A' B B'. vec0 A B + vec0 A' B' = vec0 (A + A') (B + B')) /\
     (!A A' B B' u u'.
          vec1 A B u + vec1 A' B' u' = vec1 (A + A') (B + B') (u + u'))
val MATRIX_SUB_ARITH : thm =
  |- (!u v. vecx u - vecx v = vecx (u - v)) /\
     (!A A' B B'. vec0 A B - vec0 A' B' = vec0 (A - A') (B - B')) /\
     (!A A' B B' u u'.
          vec1 A B u - vec1 A' B' u' = vec1 (A - A') (B - B') (u - u'))
val MATRIX_NEG_ARITH : thm =
  |- (!u. --vecx u = vecx (--u)) /\
     (!A B. --vec0 A B = vec0 (--A) (--B)) /\
     (!A B u. --vec1 A B u = vec1 (--A) (--B) (--u))
val MATRIX_CMUL_ARITH : thm =
  |- (!c u. c %% vecx u = vecx (c % u)) /\
     (!c A B. c %% vec0 A B = vec0 (c %% A) (c %% B)) /\
     (!c A B u. c %% vec1 A B u = vec1 (c %% A) (c %% B) (c % u))
val MATRIX_MUL_ARITH : thm =
  |- (!u A. vecx u ** A = vecx (u ** A)) /\
     (!A B C. vec0 A B ** C = vec0 (A ** C) (B ** C)) /\
     (!A B u C. vec1 A B u ** C = vec1 (A ** C) (B ** C) (u ** C))
val MATRIX_VECTOR_MUL_ARITH : thm =
  |- (!u x. vecx u ** x = vecx (u dot x)) /\
     (!A B x. vec0 A B ** x = vec0 (A ** x) (B ** x)) /\
     (!A B u x. vec1 A B u ** x = vec1 (A ** x) (B ** x) (u dot x))
val VECTOR_MATRIX_MUL_ARITH : thm =
  |- (!a u. vecx a ** vecx u = a % u) /\
     (!u v A B. vec0 u v ** vec0 A B = u ** A + v ** B) /\
     (!u v a A B w. vec1 u v a ** vec1 A B w = u ** A + v ** B + a % w)
val VECTOR_CASES_THM : thm =
  |- (!v. ?x. v = vecx x) /\
     (!v. ?x y. v = vec0 x y) /\
     (!v. ?x y a. v = vec1 x y a)
0..0..solved at 2
0..0..1..2..5..9..solved at 16
0..0..solved at 2
0..0..1..2..5..9..solved at 16
0..0..solved at 2
0..0..1..2..5..9..solved at 16
val FORALL_VECTOR_THM : thm =
  |- (!P. (!x. P x) <=> (!a. P (vecx a))) /\
     (!P. (!x. P x) <=> (!y z. P (vec0 y z))) /\
     (!P. (!x. P x) <=> (!y z c. P (vec1 y z c)))
0..0..1..2..solved at 6
0..0..solved at 2
0..0..1..2..solved at 6
0..0..solved at 2
0..0..1..2..solved at 6
0..0..solved at 2
val EXISTS_VECTOR_THM : thm =
  |- (!P. (?x. P x) <=> (?a. P (vecx a))) /\
     (!P. (?x. P x) <=> (?y z. P (vec0 y z))) /\
     (!P. (?x. P x) <=> (?y z c. P (vec1 y z c)))
val LAMBDA0_BINARY : thm =
  |- (!f. (lambda0) f = vecx (f 0)) /\
     (!f. (lambda0) f =
          vec0 (lambda0 j. f (2 * j)) (lambda0 j. f (2 * j + 1))) /\
     (!f. (lambda0) f =
          vec1 (lambda0 j. f (2 * j)) (lambda0 j. f (2 * j + 1))
          (f (2 * dimindex (:N))))
val LAMBDA0_ARITH : thm =
  |- (!f. (lambda0) f = (lambda0 i. f (NUMERAL i))) /\
     (!f. (lambda0) f = vecx (f _0)) /\
     (!f. (lambda0) f = vec0 (lambda0 j. f (BIT0 j)) (lambda0 j. f (BIT1 j))) /\
     (!f. (lambda0) f =
          vec1 (lambda0 j. f (BIT0 j)) (lambda0 j. f (BIT1 j))
          (f (BIT0 (dimindex (:N)))))
val get_vector_component : int -> int -> term -> term = <fun>
val dest_vector : term -> term list = <fun>
val mk_vector : term list -> term = <fun>
val pmk_vector : preterm list -> preterm = <fun>
val parse_finvec : lexcode list -> preterm * lexcode list = <fun>
- : unit = ()
val pp_print_term_sequence : formatter -> bool -> string -> term list -> unit =
  <fun>
val pp_finvec_printer : formatter -> term -> unit = <fun>
- : unit = ()
- : unit = ()
val has_vector_component0 : thm =
  |- !v i x.
         (v has_vector_component0 x) i <=> i < dimindex (:N) /\ v $. i = x
0..0..1..solved at 4
0..0..solved at 2
0..0..1..solved at 4
0..0..solved at 2
0..0..2..8..solved at 13
0..0..solved at 2
0..0..solved at 2
0..0..1..6..solved at 10
0..0..2..solved at 5
val HAS_VECTOR_COMPONENT0_BINARY : thm =
  |- (!a b i. (Vx[a] has_vector_component0 b) i <=> i = 0 /\ a = b) /\
     (!x y b.
          (vec0 x y has_vector_component0 b) 0 <=>
          (x has_vector_component0 b) 0) /\
     (!x y b i.
          (vec0 x y has_vector_component0 b) (2 * i) <=>
          (x has_vector_component0 b) i) /\
     (!x y b i.
          (vec0 x y has_vector_component0 b) (2 * i + 1) <=>
          (y has_vector_component0 b) i) /\
     (!x y a b.
          (vec1 x y a has_vector_component0 b) 0 <=>
          (x has_vector_component0 b) 0) /\
     (!x y a b i.
          (vec1 x y a has_vector_component0 b) (2 * i) <=>
          (if i = dimindex (:N) then a = b else (x has_vector_component0 b) i)) /\
     (!x y a b i.
          (vec1 x y a has_vector_component0 b) (2 * i + 1) <=>
          (y has_vector_component0 b) i)
val HAS_VECTOR_COMPONENT0_ARITH : thm =
  |- (!v b i.
          (v has_vector_component0 b) (NUMERAL i) <=>
          (v has_vector_component0 b) i) /\
     (!a b i. (Vx[a] has_vector_component0 b) i <=> i = _0 /\ a = b) /\
     (!x y b.
          (vec0 x y has_vector_component0 b) _0 <=>
          (x has_vector_component0 b) _0) /\
     (!x y b i.
          (vec0 x y has_vector_component0 b) (BIT0 i) <=>
          (x has_vector_component0 b) i) /\
     (!x y b i.
          (vec0 x y has_vector_component0 b) (BIT1 i) <=>
          (y has_vector_component0 b) i) /\
     (!x y a b.
          (vec1 x y a has_vector_component0 b) _0 <=>
          (x has_vector_component0 b) _0) /\
     (!x y a b i.
          (vec1 x y a has_vector_component0 b) (BIT0 i) <=>
          (if i = dimindex (:N) then a = b else (x has_vector_component0 b) i)) /\
     (!x y a b i.
          (vec1 x y a has_vector_component0 b) (BIT1 i) <=>
          (y has_vector_component0 b) i)
0..0..solved at 2
val VECTOR_COMPONENT0_CONV : conv = <fun>
0..0..solved at 2
val VECTOR_COMPONENT_CONV : conv = <fun>
val VECTOR_RED_CONV : conv = <fun>
val VECTOR_REDUCE_CONV : conv = <fun>
val VECTOR_REDUCE_TAC : tactic = <fun>
- : unit = ()
val it : unit = ()
# No more Warnings/Errors/Exceptions/Failures.
Exiting.

val it : unit = ()
# 